ahmedhussien@pop-os:~$ sudo adduser osc
[sudo] password for ahmedhussien: 
Adding user `osc' ...
Adding new group `osc' (1001) ...
Adding new user `osc' (1001) with group `osc' ...
Creating home directory `/home/osc' ...
Copying files from `/etc/skel' ...
New password: 
Retype new password: 
passwd: password updated successfully
Changing the user information for osc
Enter the new value, or press ENTER for the default
	Full Name []: osc
	Room Number []: 
	Work Phone []: 
	Home Phone []: 
	Other []: 
Is the information correct? [Y/n] y
ahmedhussien@pop-os:~$ sudo groupadd osc_group
ahmedhussien@pop-os:~$ sudo usermod -aG osc_group osc
ahmedhussien@pop-os:~$ groups osc
osc : osc osc_group
ahmedhussien@pop-os:~$ visudo
visudo: /etc/sudoers: Permission denied
ahmedhussien@pop-os:~$ visudo
visudo: /etc/sudoers: Permission denied
ahmedhussien@pop-os:~$ sudo su root
root@pop-os:/home/ahmedhussien# visudo
visudo: /etc/sudoers.tmp unchanged
root@pop-os:/home/ahmedhussien# sudo su ahmedhussien
ahmedhussien@pop-os:~$ visudo
visudo: /etc/sudoers: Permission denied
ahmedhussien@pop-os:~$ sudo su root
[sudo] password for ahmedhussien: 
root@pop-os:/home/ahmedhussien# visudo
root@pop-os:/home/ahmedhussien# visudo
visudo: /etc/sudoers.tmp unchanged
root@pop-os:/home/ahmedhussien# sudo su osc
osc@pop-os:/home/ahmedhussien$ mkdir permission_practice
mkdir: cannot create directory ‘permission_practice’: Permission denied
osc@pop-os:/home/ahmedhussien$ cd ~
osc@pop-os:~$ mkdir permission_practice
osc@pop-os:~$ ls
permission_practice
osc@pop-os:~$ touch permission_practice
osc@pop-os:~$ rm permission_practice
rm: cannot remove 'permission_practice': Is a directory
osc@pop-os:~$ ls
permission_practice
osc@pop-os:~$ cd permission_practice
osc@pop-os:~/permission_practice$ touch public_file.txt private_file.txt
osc@pop-os:~/permission_practice$ ls
private_file.txt  public_file.txt
osc@pop-os:~/permission_practice$ touch executable_script.sh
osc@pop-os:~/permission_practice$ ls
executable_script.sh  private_file.txt  public_file.txt
osc@pop-os:~/permission_practice$ chmod 666 private_file.txt
osc@pop-os:~/permission_practice$ ls -l
total 0
-rw-rw-r-- 1 osc osc 0 Aug 20 21:04 executable_script.sh
-rw-rw-rw- 1 osc osc 0 Aug 20 21:02 private_file.txt
-rw-rw-r-- 1 osc osc 0 Aug 20 21:02 public_file.txt
osc@pop-os:~/permission_practice$ chmod 666 public_file.txt
osc@pop-os:~/permission_practice$ ls -l
total 0
-rw-rw-r-- 1 osc osc 0 Aug 20 21:04 executable_script.sh
-rw-rw-rw- 1 osc osc 0 Aug 20 21:02 private_file.txt
-rw-rw-rw- 1 osc osc 0 Aug 20 21:02 public_file.txt
osc@pop-os:~/permission_practice$ chmod 600 private_file.txt
osc@pop-os:~/permission_practice$ ls -l
total 0
-rw-rw-r-- 1 osc osc 0 Aug 20 21:04 executable_script.sh
-rw------- 1 osc osc 0 Aug 20 21:02 private_file.txt
-rw-rw-rw- 1 osc osc 0 Aug 20 21:02 public_file.txt
osc@pop-os:~/permission_practice$ chmod 750 executable_script.sh
osc@pop-os:~/permission_practice$ ls -l
total 0
-rwxr-x--- 1 osc osc 0 Aug 20 21:04 executable_script.sh
-rw------- 1 osc osc 0 Aug 20 21:02 private_file.txt
-rw-rw-rw- 1 osc osc 0 Aug 20 21:02 public_file.txt
osc@pop-os:~/permission_practice$ sudo chown ahmedhussien private_file.txt
[sudo] password for osc: 
osc@pop-os:~/permission_practice$ ls -l
total 0
-rwxr-x--- 1 osc          osc 0 Aug 20 21:04 executable_script.sh
-rw------- 1 ahmedhussien osc 0 Aug 20 21:02 private_file.txt
-rw-rw-rw- 1 osc          osc 0 Aug 20 21:02 public_file.txt
osc@pop-os:~/permission_practice$ sudo chown osc:osc_group private_file.txt
osc@pop-os:~/permission_practice$ ls -l
total 0
-rwxr-x--- 1 osc osc       0 Aug 20 21:04 executable_script.sh
-rw------- 1 osc osc_group 0 Aug 20 21:02 private_file.txt
-rw-rw-rw- 1 osc osc       0 Aug 20 21:02 public_file.txt
osc@pop-os:~/permission_practice$ sleep 1000 &
[1] 10820
osc@pop-os:~/permission_practice$ ps 
    PID TTY          TIME CMD
   7076 pts/4    00:00:00 bash
  10820 pts/4    00:00:00 sleep
  10826 pts/4    00:00:00 ps
osc@pop-os:~/permission_practice$ kill -s KILL 10820
osc@pop-os:~/permission_practice$ ps
    PID TTY          TIME CMD
   7076 pts/4    00:00:00 bash
  10837 pts/4    00:00:00 ps
[1]+  Killed                  sleep 1000
osc@pop-os:~/permission_practice$ vim
Command 'vim' not found, but can be installed with:
apt install vim         # version 2:8.2.3995-1ubuntu2.10, or (You will have to enable component called 'main')
apt install vim-tiny    # version 2:8.2.3995-1ubuntu2.10 (You will have to enable component called 'main')
apt install vim-athena  # version 2:8.2.3995-1ubuntu2.10 (You will have to enable component called 'universe')
apt install vim-gtk3    # version 2:8.2.3995-1ubuntu2.10 (You will have to enable component called 'universe')
apt install vim-nox     # version 2:8.2.3995-1ubuntu2.10 (You will have to enable component called 'universe')
apt install neovim      # version 0.6.1-3 (You will have to enable component called 'universe')
Ask your administrator to install one of them.
osc@pop-os:~/permission_practice$ sudo apt install vim 
[sudo] password for osc: 
Reading package lists... Done
Building dependency tree... Done
Reading state information... Done
The following additional packages will be installed:
  vim-common vim-runtime vim-tiny
Suggested packages:
  ctags vim-doc vim-scripts indent
The following NEW packages will be installed:
  vim vim-runtime
The following packages will be upgraded:
  vim-common vim-tiny
2 upgraded, 2 newly installed, 0 to remove and 179 not upgraded.
Need to get 9,348 kB of archives.
After this operation, 37.6 MB of additional disk space will be used.
Do you want to continue? [Y/n] y
Get:1 http://apt.pop-os.org/ubuntu jammy-security/main amd64 vim-tiny amd64 2:8.2.3995-1ubuntu2.10 [708 kB]
Get:2 http://apt.pop-os.org/ubuntu jammy-security/main amd64 vim-common all 2:8.2.3995-1ubuntu2.10 [81.2 kB]
Get:3 http://apt.pop-os.org/ubuntu jammy-security/main amd64 vim-runtime all 2:8.2.3995-1ubuntu2.10 [6,827 kB]
Get:4 http://apt.pop-os.org/ubuntu jammy-security/main amd64 vim amd64 2:8.2.3995-1ubuntu2.10 [1,732 kB]
Fetched 9,348 kB in 4s (2,109 kB/s)      
(Reading database ... 208999 files and directories currently installed.)
Preparing to unpack .../vim-tiny_2%3a8.2.3995-1ubuntu2.10_amd64.deb ...
Unpacking vim-tiny (2:8.2.3995-1ubuntu2.10) over (2:8.2.3995-1ubuntu2.9) ...
Preparing to unpack .../vim-common_2%3a8.2.3995-1ubuntu2.10_all.deb ...
Unpacking vim-common (2:8.2.3995-1ubuntu2.10) over (2:8.2.3995-1ubuntu2.9) ...
Selecting previously unselected package vim-runtime.
Preparing to unpack .../vim-runtime_2%3a8.2.3995-1ubuntu2.10_all.deb ...
Adding 'diversion of /usr/share/vim/vim82/doc/help.txt to /usr/share/vim/vim82/doc/help.txt.vim-tiny by vim-runtime'
Adding 'diversion of /usr/share/vim/vim82/doc/tags to /usr/share/vim/vim82/doc/tags.vim-tiny by vim-runtime'
Unpacking vim-runtime (2:8.2.3995-1ubuntu2.10) ...
Selecting previously unselected package vim.
Preparing to unpack .../vim_2%3a8.2.3995-1ubuntu2.10_amd64.deb ...
Unpacking vim (2:8.2.3995-1ubuntu2.10) ...
Setting up vim-common (2:8.2.3995-1ubuntu2.10) ...
Setting up vim-runtime (2:8.2.3995-1ubuntu2.10) ...
Setting up vim (2:8.2.3995-1ubuntu2.10) ...
update-alternatives: using /usr/bin/vim.basic to provide /usr/bin/vim (vim) in auto mode
update-alternatives: using /usr/bin/vim.basic to provide /usr/bin/vimdiff (vimdiff) in auto mode
update-alternatives: using /usr/bin/vim.basic to provide /usr/bin/rvim (rvim) in auto mode
update-alternatives: using /usr/bin/vim.basic to provide /usr/bin/rview (rview) in auto mode
update-alternatives: using /usr/bin/vim.basic to provide /usr/bin/vi (vi) in auto mode
update-alternatives: using /usr/bin/vim.basic to provide /usr/bin/view (view) in auto mode
update-alternatives: using /usr/bin/vim.basic to provide /usr/bin/ex (ex) in auto mode
Setting up vim-tiny (2:8.2.3995-1ubuntu2.10) ...
Processing triggers for desktop-file-utils (0.26-1ubuntu3) ...
Processing triggers for hicolor-icon-theme (0.17-2) ...
Processing triggers for gnome-menus (3.36.0-1ubuntu3) ...
Processing triggers for man-db (2.10.2-1) ...
osc@pop-os:~/permission_practice$ vim

[1]+  Stopped                 vim
osc@pop-os:~/permission_practice$ killall vim
osc@pop-os:~/permission_practice$ ps
    PID TTY          TIME CMD
   7076 pts/4    00:00:00 bash
  11469 pts/4    00:00:00 vim
  11476 pts/4    00:00:00 ps
osc@pop-os:~/permission_practice$ ps
    PID TTY          TIME CMD
   7076 pts/4    00:00:00 bash
  11469 pts/4    00:00:00 vim
  11481 pts/4    00:00:00 ps
osc@pop-os:~/permission_practice$ kill -s KILL vim
bash: kill: vim: arguments must be process or job IDs
osc@pop-os:~/permission_practice$ kill -s
bash: kill: -s: option requires an argument
osc@pop-os:~/permission_practice$ killall -s SIGKILL vim 
osc@pop-os:~/permission_practice$ ps
    PID TTY          TIME CMD
   7076 pts/4    00:00:00 bash
  11494 pts/4    00:00:00 ps
[1]+  Killed                  vim
osc@pop-os:~/permission_practice$ sudo apt install neofetch
[sudo] password for osc: 
Reading package lists... Done
Building dependency tree... Done
Reading state information... Done
The following additional packages will be installed:
  caca-utils chafa gsfonts imagemagick imagemagick-6-common imagemagick-6.q16 jp2a libchafa0 libde265-0 libfftw3-double3 libgc1 libheif1 libid3tag0 libilmbase25 libimlib2 libjxr-tools
  libjxr0 liblqr-1-0 libmagickcore-6.q16-6 libmagickcore-6.q16-6-extra libmagickwand-6.q16-6 libnetpbm10 libopenexr25 libsixel-bin libsixel1 libwmflite-0.2-7 netpbm toilet toilet-fonts w3m
  w3m-img
Suggested packages:
  imagemagick-doc autotrace enscript ffmpeg gimp gnuplot grads graphviz hp2xx html2ps libwmf-bin mplayer povray radiance texlive-base-bin transfig ufraw-batch libfftw3-bin libfftw3-dev
  inkscape figlet cmigemo dict dict-wn dictd mime-support w3m-el xsel
The following NEW packages will be installed:
  caca-utils chafa gsfonts imagemagick imagemagick-6-common imagemagick-6.q16 jp2a libchafa0 libde265-0 libfftw3-double3 libgc1 libheif1 libid3tag0 libilmbase25 libimlib2 libjxr-tools
  libjxr0 liblqr-1-0 libmagickcore-6.q16-6 libmagickcore-6.q16-6-extra libmagickwand-6.q16-6 libnetpbm10 libopenexr25 libsixel-bin libsixel1 libwmflite-0.2-7 neofetch netpbm toilet
  toilet-fonts w3m w3m-img
0 upgraded, 32 newly installed, 0 to remove and 179 not upgraded.
Need to get 11.7 MB of archives.
After this operation, 34.9 MB of additional disk space will be used.
Do you want to continue? [Y/n] y
Get:1 http://apt.pop-os.org/ubuntu jammy/main amd64 libfftw3-double3 amd64 3.3.8-2ubuntu8 [770 kB]
Get:2 http://apt.pop-os.org/ubuntu jammy/universe amd64 libde265-0 amd64 1.0.8-1 [243 kB]
Get:3 http://apt.pop-os.org/ubuntu jammy/universe amd64 libheif1 amd64 1.12.0-2build1 [196 kB]
Get:4 http://apt.pop-os.org/ubuntu jammy/universe amd64 liblqr-1-0 amd64 0.4.2-2.1 [27.7 kB]
Get:5 http://apt.pop-os.org/ubuntu jammy-security/universe amd64 imagemagick-6-common all 8:6.9.11.60+dfsg-1.3ubuntu0.22.04.3 [63.6 kB]
Get:6 http://apt.pop-os.org/ubuntu jammy-security/universe amd64 libmagickcore-6.q16-6 amd64 8:6.9.11.60+dfsg-1.3ubuntu0.22.04.3 [1,788 kB]
Get:7 http://apt.pop-os.org/ubuntu jammy-security/universe amd64 libmagickwand-6.q16-6 amd64 8:6.9.11.60+dfsg-1.3ubuntu0.22.04.3 [328 kB]
Get:8 http://apt.pop-os.org/ubuntu jammy/universe amd64 libid3tag0 amd64 0.15.1b-14 [31.3 kB]
Get:9 http://apt.pop-os.org/ubuntu jammy/universe amd64 libimlib2 amd64 1.7.4-1build1 [195 kB]
Get:10 http://apt.pop-os.org/ubuntu jammy/universe amd64 caca-utils amd64 0.99.beta19-2.2ubuntu4 [57.1 kB]
Get:11 http://apt.pop-os.org/ubuntu jammy/universe amd64 libchafa0 amd64 1.8.0-1 [88.3 kB]
Get:12 http://apt.pop-os.org/ubuntu jammy/universe amd64 chafa amd64 1.8.0-1 [38.6 kB]
Get:13 http://apt.pop-os.org/ubuntu jammy/universe amd64 gsfonts all 1:8.11+urwcyr1.0.7~pre44-4.5 [3,120 kB]
Get:14 http://apt.pop-os.org/ubuntu jammy-security/universe amd64 imagemagick-6.q16 amd64 8:6.9.11.60+dfsg-1.3ubuntu0.22.04.3 [224 kB]
Get:15 http://apt.pop-os.org/ubuntu jammy-security/universe amd64 imagemagick amd64 8:6.9.11.60+dfsg-1.3ubuntu0.22.04.3 [14.6 kB]
Get:16 http://apt.pop-os.org/ubuntu jammy/universe amd64 jp2a amd64 1.1.1-1 [28.9 kB]
Get:17 http://apt.pop-os.org/ubuntu jammy/main amd64 libgc1 amd64 1:8.0.6-1.1build1 [96.8 kB]
Get:18 http://apt.pop-os.org/ubuntu jammy/universe amd64 libilmbase25 amd64 2.5.7-2 [175 kB]
Get:19 http://apt.pop-os.org/ubuntu jammy/universe amd64 libjxr0 amd64 1.2~git20170615.f752187-5 [174 kB]
Get:20 http://apt.pop-os.org/ubuntu jammy/universe amd64 libjxr-tools amd64 1.2~git20170615.f752187-5 [16.0 kB]
Get:21 http://apt.pop-os.org/ubuntu jammy/universe amd64 libopenexr25 amd64 2.5.7-1 [780 kB]
Get:22 http://apt.pop-os.org/ubuntu jammy/main amd64 libwmflite-0.2-7 amd64 0.2.12-5ubuntu1 [68.9 kB]
Get:23 http://apt.pop-os.org/ubuntu jammy-security/universe amd64 libmagickcore-6.q16-6-extra amd64 8:6.9.11.60+dfsg-1.3ubuntu0.22.04.3 [70.1 kB]
Get:24 http://apt.pop-os.org/ubuntu jammy/universe amd64 libnetpbm10 amd64 2:10.0-15.4 [59.1 kB]
Get:25 http://apt.pop-os.org/ubuntu jammy/universe amd64 neofetch all 7.1.0-3 [84.3 kB]
Get:26 http://apt.pop-os.org/ubuntu jammy/universe amd64 netpbm amd64 2:10.0-15.4 [1,007 kB]
Get:27 http://apt.pop-os.org/ubuntu jammy/universe amd64 toilet-fonts all 0.3-1.4 [714 kB]
Get:28 http://apt.pop-os.org/ubuntu jammy/universe amd64 toilet amd64 0.3-1.4 [12.7 kB]
Get:29 http://apt.pop-os.org/ubuntu jammy-security/main amd64 w3m amd64 0.5.3+git20210102-6ubuntu0.1 [1,105 kB]
Get:30 http://apt.pop-os.org/ubuntu jammy-security/universe amd64 w3m-img amd64 0.5.3+git20210102-6ubuntu0.1 [23.6 kB]
Get:31 http://apt.pop-os.org/ubuntu jammy/universe amd64 libsixel1 amd64 1.10.3-3 [111 kB]
Get:32 http://apt.pop-os.org/ubuntu jammy/universe amd64 libsixel-bin amd64 1.10.3-3 [18.5 kB]
Fetched 11.7 MB in 5s (2,418 kB/s)       
Extracting templates from packages: 100%
Selecting previously unselected package libfftw3-double3:amd64.
(Reading database ... 210940 files and directories currently installed.)
Preparing to unpack .../00-libfftw3-double3_3.3.8-2ubuntu8_amd64.deb ...
Unpacking libfftw3-double3:amd64 (3.3.8-2ubuntu8) ...
Selecting previously unselected package libde265-0:amd64.
Preparing to unpack .../01-libde265-0_1.0.8-1_amd64.deb ...
Unpacking libde265-0:amd64 (1.0.8-1) ...
Selecting previously unselected package libheif1:amd64.
Preparing to unpack .../02-libheif1_1.12.0-2build1_amd64.deb ...
Unpacking libheif1:amd64 (1.12.0-2build1) ...
Selecting previously unselected package liblqr-1-0:amd64.
Preparing to unpack .../03-liblqr-1-0_0.4.2-2.1_amd64.deb ...
Unpacking liblqr-1-0:amd64 (0.4.2-2.1) ...
Selecting previously unselected package imagemagick-6-common.
Preparing to unpack .../04-imagemagick-6-common_8%3a6.9.11.60+dfsg-1.3ubuntu0.22.04.3_all.deb ...
Unpacking imagemagick-6-common (8:6.9.11.60+dfsg-1.3ubuntu0.22.04.3) ...
Selecting previously unselected package libmagickcore-6.q16-6:amd64.
Preparing to unpack .../05-libmagickcore-6.q16-6_8%3a6.9.11.60+dfsg-1.3ubuntu0.22.04.3_amd64.deb ...
Unpacking libmagickcore-6.q16-6:amd64 (8:6.9.11.60+dfsg-1.3ubuntu0.22.04.3) ...
Selecting previously unselected package libmagickwand-6.q16-6:amd64.
Preparing to unpack .../06-libmagickwand-6.q16-6_8%3a6.9.11.60+dfsg-1.3ubuntu0.22.04.3_amd64.deb ...
Unpacking libmagickwand-6.q16-6:amd64 (8:6.9.11.60+dfsg-1.3ubuntu0.22.04.3) ...
Selecting previously unselected package libid3tag0:amd64.
Preparing to unpack .../07-libid3tag0_0.15.1b-14_amd64.deb ...
Unpacking libid3tag0:amd64 (0.15.1b-14) ...
Selecting previously unselected package libimlib2:amd64.
Preparing to unpack .../08-libimlib2_1.7.4-1build1_amd64.deb ...
Unpacking libimlib2:amd64 (1.7.4-1build1) ...
Selecting previously unselected package caca-utils.
Preparing to unpack .../09-caca-utils_0.99.beta19-2.2ubuntu4_amd64.deb ...
Unpacking caca-utils (0.99.beta19-2.2ubuntu4) ...
Selecting previously unselected package libchafa0:amd64.
Preparing to unpack .../10-libchafa0_1.8.0-1_amd64.deb ...
Unpacking libchafa0:amd64 (1.8.0-1) ...
Selecting previously unselected package chafa.
Preparing to unpack .../11-chafa_1.8.0-1_amd64.deb ...
Unpacking chafa (1.8.0-1) ...
Selecting previously unselected package gsfonts.
Preparing to unpack .../12-gsfonts_1%3a8.11+urwcyr1.0.7~pre44-4.5_all.deb ...
Unpacking gsfonts (1:8.11+urwcyr1.0.7~pre44-4.5) ...
Selecting previously unselected package imagemagick-6.q16.
Preparing to unpack .../13-imagemagick-6.q16_8%3a6.9.11.60+dfsg-1.3ubuntu0.22.04.3_amd64.deb ...
Unpacking imagemagick-6.q16 (8:6.9.11.60+dfsg-1.3ubuntu0.22.04.3) ...
Selecting previously unselected package imagemagick.
Preparing to unpack .../14-imagemagick_8%3a6.9.11.60+dfsg-1.3ubuntu0.22.04.3_amd64.deb ...
Unpacking imagemagick (8:6.9.11.60+dfsg-1.3ubuntu0.22.04.3) ...
Selecting previously unselected package jp2a.
Preparing to unpack .../15-jp2a_1.1.1-1_amd64.deb ...
Unpacking jp2a (1.1.1-1) ...
Selecting previously unselected package libgc1:amd64.
Preparing to unpack .../16-libgc1_1%3a8.0.6-1.1build1_amd64.deb ...
Unpacking libgc1:amd64 (1:8.0.6-1.1build1) ...
Selecting previously unselected package libilmbase25:amd64.
Preparing to unpack .../17-libilmbase25_2.5.7-2_amd64.deb ...
Unpacking libilmbase25:amd64 (2.5.7-2) ...
Selecting previously unselected package libjxr0:amd64.
Preparing to unpack .../18-libjxr0_1.2~git20170615.f752187-5_amd64.deb ...
Unpacking libjxr0:amd64 (1.2~git20170615.f752187-5) ...
Selecting previously unselected package libjxr-tools.
Preparing to unpack .../19-libjxr-tools_1.2~git20170615.f752187-5_amd64.deb ...
Unpacking libjxr-tools (1.2~git20170615.f752187-5) ...
Selecting previously unselected package libopenexr25:amd64.
Preparing to unpack .../20-libopenexr25_2.5.7-1_amd64.deb ...
Unpacking libopenexr25:amd64 (2.5.7-1) ...
Selecting previously unselected package libwmflite-0.2-7:amd64.
Preparing to unpack .../21-libwmflite-0.2-7_0.2.12-5ubuntu1_amd64.deb ...
Unpacking libwmflite-0.2-7:amd64 (0.2.12-5ubuntu1) ...
Selecting previously unselected package libmagickcore-6.q16-6-extra:amd64.
Preparing to unpack .../22-libmagickcore-6.q16-6-extra_8%3a6.9.11.60+dfsg-1.3ubuntu0.22.04.3_amd64.deb ...
Unpacking libmagickcore-6.q16-6-extra:amd64 (8:6.9.11.60+dfsg-1.3ubuntu0.22.04.3) ...
Selecting previously unselected package libnetpbm10.
Preparing to unpack .../23-libnetpbm10_2%3a10.0-15.4_amd64.deb ...
Unpacking libnetpbm10 (2:10.0-15.4) ...
Selecting previously unselected package neofetch.
Preparing to unpack .../24-neofetch_7.1.0-3_all.deb ...
Unpacking neofetch (7.1.0-3) ...
Selecting previously unselected package netpbm.
Preparing to unpack .../25-netpbm_2%3a10.0-15.4_amd64.deb ...
Unpacking netpbm (2:10.0-15.4) ...
Selecting previously unselected package toilet-fonts.
Preparing to unpack .../26-toilet-fonts_0.3-1.4_all.deb ...
Unpacking toilet-fonts (0.3-1.4) ...
Selecting previously unselected package toilet.
Preparing to unpack .../27-toilet_0.3-1.4_amd64.deb ...
Unpacking toilet (0.3-1.4) ...
Selecting previously unselected package w3m.
Preparing to unpack .../28-w3m_0.5.3+git20210102-6ubuntu0.1_amd64.deb ...
Unpacking w3m (0.5.3+git20210102-6ubuntu0.1) ...
Selecting previously unselected package w3m-img.
Preparing to unpack .../29-w3m-img_0.5.3+git20210102-6ubuntu0.1_amd64.deb ...
Unpacking w3m-img (0.5.3+git20210102-6ubuntu0.1) ...
Selecting previously unselected package libsixel1:amd64.
Preparing to unpack .../30-libsixel1_1.10.3-3_amd64.deb ...
Unpacking libsixel1:amd64 (1.10.3-3) ...
Selecting previously unselected package libsixel-bin.
Preparing to unpack .../31-libsixel-bin_1.10.3-3_amd64.deb ...
Unpacking libsixel-bin (1.10.3-3) ...
Setting up imagemagick-6-common (8:6.9.11.60+dfsg-1.3ubuntu0.22.04.3) ...
Setting up toilet-fonts (0.3-1.4) ...
Setting up libwmflite-0.2-7:amd64 (0.2.12-5ubuntu1) ...
Setting up toilet (0.3-1.4) ...
update-alternatives: using /usr/bin/figlet-toilet to provide /usr/bin/figlet (figlet) in auto mode
Setting up libjxr0:amd64 (1.2~git20170615.f752187-5) ...
Setting up jp2a (1.1.1-1) ...
Setting up libilmbase25:amd64 (2.5.7-2) ...
Setting up libnetpbm10 (2:10.0-15.4) ...
Setting up neofetch (7.1.0-3) ...
Setting up libchafa0:amd64 (1.8.0-1) ...
Setting up libopenexr25:amd64 (2.5.7-1) ...
Setting up libid3tag0:amd64 (0.15.1b-14) ...
Setting up gsfonts (1:8.11+urwcyr1.0.7~pre44-4.5) ...
Setting up libsixel1:amd64 (1.10.3-3) ...
Setting up libimlib2:amd64 (1.7.4-1build1) ...
Setting up netpbm (2:10.0-15.4) ...
Setting up libgc1:amd64 (1:8.0.6-1.1build1) ...
Setting up libfftw3-double3:amd64 (3.3.8-2ubuntu8) ...
Setting up liblqr-1-0:amd64 (0.4.2-2.1) ...
Setting up libde265-0:amd64 (1.0.8-1) ...
Setting up libjxr-tools (1.2~git20170615.f752187-5) ...
Setting up caca-utils (0.99.beta19-2.2ubuntu4) ...
Setting up libheif1:amd64 (1.12.0-2build1) ...
Setting up libsixel-bin (1.10.3-3) ...
Setting up libmagickcore-6.q16-6:amd64 (8:6.9.11.60+dfsg-1.3ubuntu0.22.04.3) ...
Setting up w3m (0.5.3+git20210102-6ubuntu0.1) ...
Setting up w3m-img (0.5.3+git20210102-6ubuntu0.1) ...
Setting up libmagickwand-6.q16-6:amd64 (8:6.9.11.60+dfsg-1.3ubuntu0.22.04.3) ...
Setting up libmagickcore-6.q16-6-extra:amd64 (8:6.9.11.60+dfsg-1.3ubuntu0.22.04.3) ...
Setting up chafa (1.8.0-1) ...
Setting up imagemagick-6.q16 (8:6.9.11.60+dfsg-1.3ubuntu0.22.04.3) ...
update-alternatives: using /usr/bin/compare-im6.q16 to provide /usr/bin/compare (compare) in auto mode
update-alternatives: using /usr/bin/compare-im6.q16 to provide /usr/bin/compare-im6 (compare-im6) in auto mode
update-alternatives: using /usr/bin/animate-im6.q16 to provide /usr/bin/animate (animate) in auto mode
update-alternatives: using /usr/bin/animate-im6.q16 to provide /usr/bin/animate-im6 (animate-im6) in auto mode
update-alternatives: using /usr/bin/convert-im6.q16 to provide /usr/bin/convert (convert) in auto mode
update-alternatives: using /usr/bin/convert-im6.q16 to provide /usr/bin/convert-im6 (convert-im6) in auto mode
update-alternatives: using /usr/bin/composite-im6.q16 to provide /usr/bin/composite (composite) in auto mode
update-alternatives: using /usr/bin/composite-im6.q16 to provide /usr/bin/composite-im6 (composite-im6) in auto mode
update-alternatives: using /usr/bin/conjure-im6.q16 to provide /usr/bin/conjure (conjure) in auto mode
update-alternatives: using /usr/bin/conjure-im6.q16 to provide /usr/bin/conjure-im6 (conjure-im6) in auto mode
update-alternatives: using /usr/bin/import-im6.q16 to provide /usr/bin/import (import) in auto mode
update-alternatives: using /usr/bin/import-im6.q16 to provide /usr/bin/import-im6 (import-im6) in auto mode
update-alternatives: using /usr/bin/identify-im6.q16 to provide /usr/bin/identify (identify) in auto mode
update-alternatives: using /usr/bin/identify-im6.q16 to provide /usr/bin/identify-im6 (identify-im6) in auto mode
update-alternatives: using /usr/bin/stream-im6.q16 to provide /usr/bin/stream (stream) in auto mode
update-alternatives: using /usr/bin/stream-im6.q16 to provide /usr/bin/stream-im6 (stream-im6) in auto mode
update-alternatives: using /usr/bin/display-im6.q16 to provide /usr/bin/display (display) in auto mode
update-alternatives: using /usr/bin/display-im6.q16 to provide /usr/bin/display-im6 (display-im6) in auto mode
update-alternatives: using /usr/bin/montage-im6.q16 to provide /usr/bin/montage (montage) in auto mode
update-alternatives: using /usr/bin/montage-im6.q16 to provide /usr/bin/montage-im6 (montage-im6) in auto mode
update-alternatives: using /usr/bin/mogrify-im6.q16 to provide /usr/bin/mogrify (mogrify) in auto mode
update-alternatives: using /usr/bin/mogrify-im6.q16 to provide /usr/bin/mogrify-im6 (mogrify-im6) in auto mode
Setting up imagemagick (8:6.9.11.60+dfsg-1.3ubuntu0.22.04.3) ...
Processing triggers for desktop-file-utils (0.26-1ubuntu3) ...
Processing triggers for hicolor-icon-theme (0.17-2) ...
Processing triggers for gnome-menus (3.36.0-1ubuntu3) ...
Processing triggers for libc-bin (2.35-0ubuntu3.1) ...
Processing triggers for man-db (2.10.2-1) ...
Processing triggers for fontconfig (2.13.1-4.2ubuntu5) ...
osc@pop-os:~/permission_practice$ sudo remove neofetch
sudo: remove: command not found
osc@pop-os:~/permission_practice$ sudo apt remove neofetch
Reading package lists... Done
Building dependency tree... Done
Reading state information... Done
The following packages were automatically installed and are no longer required:
  caca-utils chafa jp2a libchafa0 toilet toilet-fonts
Use 'sudo apt autoremove' to remove them.
The following packages will be REMOVED:
  neofetch
0 upgraded, 0 newly installed, 1 to remove and 179 not upgraded.
After this operation, 359 kB disk space will be freed.
Do you want to continue? [Y/n] y
(Reading database ... 212228 files and directories currently installed.)
Removing neofetch (7.1.0-3) ...
Processing triggers for man-db (2.10.2-1) ...
osc@pop-os:~/permission_practice$ 



