ahmedhussien@pop-os:~$ touch system_info.sh
ahmedhussien@pop-os:~$ chmod a+x system_info.sh
ahmedhussien@pop-os:~$ ls -l
total 52
drwxrwxr-x 2 ahmedhussien ahmedhussien 4096 Aug  5 10:20  ahmed
drwxr-xr-x 4 ahmedhussien ahmedhussien 4096 Aug 20 22:50  Desktop
drwxr-xr-x 2 ahmedhussien ahmedhussien 4096 Aug  5 06:19  Documents
drwxr-xr-x 3 ahmedhussien ahmedhussien 4096 Aug 13 19:09  Downloads
-rwxrwxr-x 1 ahmedhussien ahmedhussien  159 Aug 22 11:13  exe.sh
-rwxrwxr-x 1 ahmedhussien ahmedhussien    0 Aug 22 09:01  file.sh
drwxrwxr-x 2 ahmedhussien ahmedhussien 4096 Aug  5 10:21 'Linux summer training'
drwxr-xr-x 2 ahmedhussien ahmedhussien 4096 Aug  5 06:19  Music
drwxrwxr-x 2 ahmedhussien ahmedhussien 4096 Aug 13 12:16  osc
drwxr-xr-x 3 ahmedhussien ahmedhussien 4096 Aug  8 09:36  Pictures
drwxr-xr-x 2 ahmedhussien ahmedhussien 4096 Aug  5 06:19  Public
-rwxrwxr-x 1 ahmedhussien ahmedhussien    0 Aug 24 15:37  system_info.sh
drwxr-xr-x 2 ahmedhussien ahmedhussien 4096 Aug  5 06:19  Templates
drwxrwxr-x 4 ahmedhussien ahmedhussien 4096 Aug 22 11:07  testFolder
drwxr-xr-x 2 ahmedhussien ahmedhussien 4096 Aug  5 06:19  Videos
ahmedhussien@pop-os:~$ nano system_info.sh
ahmedhussien@pop-os:~$ echo"Username: $whoami"
echoUsername: : command not found
ahmedhussien@pop-os:~$ echo"Username: $(whoami)"
echoUsername: ahmedhussien: command not found
ahmedhussien@pop-os:~$ nano system_info.sh
ahmedhussien@pop-os:~$ ./system_info.sh
./system_info.sh: line 2: echoUsername: ahmedhussien: command not found
./system_info.sh: line 3: echoKernel Version: 6.2.6-76060206-generic: command not found
ahmedhussien@pop-os:~$ nano system_info.sh
ahmedhussien@pop-os:~$ ./system_info.sh
Username: ahmedhussien
Kernel Version: 6.2.6-76060206-generic
ahmedhussien@pop-os:~$ ls
 ahmed     Documents   exe.sh   'Linux summer training'   osc        Public           Templates    Videos
 Desktop   Downloads   file.sh   Music                    Pictures   system_info.sh   testFolder
ahmedhussien@pop-os:~$ rm -r ahmed 'Linux summer training' osc
ahmedhussien@pop-os:~$ ls
Desktop  Documents  Downloads  exe.sh  file.sh  Music  Pictures  Public  system_info.sh  Templates  testFolder  Videos
ahmedhussien@pop-os:~$ rm -r exe.sh  file.sh
ahmedhussien@pop-os:~$ ls
Desktop  Documents  Downloads  Music  Pictures  Public  system_info.sh  Templates  testFolder  Videos
ahmedhussien@pop-os:~$ rm -r testFolder
ahmedhussien@pop-os:~$ ls
Desktop  Documents  Downloads  Music  Pictures  Public  system_info.sh  Templates  Videos
ahmedhussien@pop-os:~$ touch file_check.sh file1.txt
ahmedhussien@pop-os:~$ ls
Desktop  Documents  Downloads  file1.txt  file_check.sh  Music  Pictures  Public  system_info.sh  Templates  Videos
ahmedhussien@pop-os:~$ nano file_check.sh
ahmedhussien@pop-os:~$ nano file1.txt
ahmedhussien@pop-os:~$ pwd
/home/ahmedhussien
ahmedhussien@pop-os:~$ ./file_check.sh file1.txt /home
bash: ./file_check.sh: Permission denied
ahmedhussien@pop-os:~$ ls
Desktop  Documents  Downloads  file1.txt  file_check.sh  Music  Pictures  Public  system_info.sh  Templates  Videos
ahmedhussien@pop-os:~$ ./file_check.sh file1.txt /home
bash: ./file_check.sh: Permission denied
ahmedhussien@pop-os:~$ chmod a+x file_check.sh
ahmedhussien@pop-os:~$ ./file_check.sh file1.txt /home
./file_check.sh: line 4: if[[ -e/home/file1.txt ]]: No such file or directory
./file_check.sh: line 5: syntax error near unexpected token `then'
./file_check.sh: line 5: `then'
ahmedhussien@pop-os:~$ nano file_check.sh
ahmedhussien@pop-os:~$ ./file_check.sh file1.txt /home
./file_check.sh: line 4: if[[ -e /home/file1.txt ]]: No such file or directory
./file_check.sh: line 5: syntax error near unexpected token `then'
./file_check.sh: line 5: `then'
ahmedhussien@pop-os:~$ nano file_check.sh
ahmedhussien@pop-os:~$ ./file_check.sh file1.txt /home
./file_check.sh: line 4: if[[ -e /home/file1.txt ]]: No such file or directory
./file_check.sh: line 5: syntax error near unexpected token `then'
./file_check.sh: line 5: `then'
ahmedhussien@pop-os:~$ nano file_check.sh
ahmedhussien@pop-os:~$ ./file_check.sh file1.txt /home
./file_check.sh: line 4: if[[ -e#/home/file1.txt ]]: No such file or directory
./file_check.sh: line 5: syntax error near unexpected token `then'
./file_check.sh: line 5: `then'
ahmedhussien@pop-os:~$ nano file_check.sh
ahmedhussien@pop-os:~$ ./file_check.sh file1.txt /home
./file_check.sh: line 6: echoFile exists: command not found
./file_check.sh: line 7: echoContents of file1.txt:: command not found
./file_check.sh: line 8: cat/home/file1.txt: No such file or directory
ahmedhussien@pop-os:~$ nano file_check.sh
ahmedhussien@pop-os:~$ ./file_check.sh file1.txt /home
./file_check.sh: line 10: echoFile does not exist: command not found
ahmedhussien@pop-os:~$ nano file_check.sh
ahmedhussien@pop-os:~$ ./file_check.sh file1.txt /home
File does not exist
ahmedhussien@pop-os:~$ ./file_check.sh file1.txt /home
File does not exist
ahmedhussien@pop-os:~$ nano file_check.sh
ahmedhussien@pop-os:~$ ./file_check.sh file1.txt /home
./file_check.sh: line 4: conditional binary operator expected
./file_check.sh: line 4: syntax error near `"$dir/$file"'
./file_check.sh: line 4: `if [[ -e# "$dir/$file" ]]'
ahmedhussien@pop-os:~$ nano file_check.sh
ahmedhussien@pop-os:~$ ./file_check.sh file1.txt /home/ahmedhussien
File exists
Contents of file1.txt:
This is file1.txt
ahmedhussien@pop-os:~$ ./file_check.sh file2.txt /home/ahmedhussien
File does not exist
ahmedhussien@pop-os:~$ nano file_check.sh
ahmedhussien@pop-os:~$ ./file_check.sh file1.txt /home/ahmedhussien
File exists
Contents of file1.txt:
This is file1.txt
ahmedhussien@pop-os:~$ touch lion.png tiger.png cat.jpg dog.jpg text.txt rename_files.sh session1.pdf rename_files.sh
ahmedhussien@pop-os:~$ ls
cat.jpg  Documents  Downloads  file_check.sh  Music     Public           session1.pdf    Templates  tiger.png
Desktop  dog.jpg    file1.txt  lion.png       Pictures  rename_files.sh  system_info.sh  text.txt   Videos
ahmedhussien@pop-os:~$ chmos a+x rename_files.sh
Command 'chmos' not found, did you mean:
  command 'chmod' from deb coreutils (8.32-4.1ubuntu1)
  command 'chaos' from deb emboss (6.6.0+dfsg-11ubuntu1)
  command 'chmls' from deb fp-utils-3.2.2 (3.2.2+dfsg-9ubuntu1)
Try: sudo apt install <deb name>
ahmedhussien@pop-os:~$ chmod a+x rename_files.sh
ahmedhussien@pop-os:~$ ls -l
total 44
-rw-rw-r-- 1 ahmedhussien ahmedhussien    0 Aug 24 17:02 cat.jpg
drwxr-xr-x 4 ahmedhussien ahmedhussien 4096 Aug 20 22:50 Desktop
drwxr-xr-x 2 ahmedhussien ahmedhussien 4096 Aug  5 06:19 Documents
-rw-rw-r-- 1 ahmedhussien ahmedhussien    0 Aug 24 17:02 dog.jpg
drwxr-xr-x 3 ahmedhussien ahmedhussien 4096 Aug 13 19:09 Downloads
-rw-rw-r-- 1 ahmedhussien ahmedhussien   18 Aug 24 16:29 file1.txt
-rwxrwxr-x 1 ahmedhussien ahmedhussien  154 Aug 24 16:47 file_check.sh
-rw-rw-r-- 1 ahmedhussien ahmedhussien    0 Aug 24 17:02 lion.png
drwxr-xr-x 2 ahmedhussien ahmedhussien 4096 Aug  5 06:19 Music
drwxr-xr-x 3 ahmedhussien ahmedhussien 4096 Aug  8 09:36 Pictures
drwxr-xr-x 2 ahmedhussien ahmedhussien 4096 Aug  5 06:19 Public
-rwxrwxr-x 1 ahmedhussien ahmedhussien    0 Aug 24 17:02 rename_files.sh
-rw-rw-r-- 1 ahmedhussien ahmedhussien    0 Aug 24 17:02 session1.pdf
-rwxrwxr-x 1 ahmedhussien ahmedhussien   75 Aug 24 15:47 system_info.sh
drwxr-xr-x 2 ahmedhussien ahmedhussien 4096 Aug  5 06:19 Templates
-rw-rw-r-- 1 ahmedhussien ahmedhussien    0 Aug 24 17:02 text.txt
-rw-rw-r-- 1 ahmedhussien ahmedhussien    0 Aug 24 17:02 tiger.png
drwxr-xr-x 2 ahmedhussien ahmedhussien 4096 Aug  5 06:19 Videos
ahmedhussien@pop-os:~$ nano rename_files.sh
ahmedhussien@pop-os:~$ nano rename_files.sh
ahmedhussien@pop-os:~$ ./rename_files.sh png image
ahmedhussien@pop-os:~$ ls
cat.jpg  Documents  Downloads  file_check.sh  image1.png  Pictures  rename_files.sh  system_info.sh  text.txt
Desktop  dog.jpg    file1.txt  image0.png     Music       Public    session1.pdf     Templates       Videos
ahmedhussien@pop-os:~$ nano rename_files.sh
ahmedhussien@pop-os:~$ ./rename_files.sh png image
ahmedhussien@pop-os:~$ ls -l
total 48
-rw-rw-r-- 1 ahmedhussien ahmedhussien    0 Aug 24 17:02 cat.jpg
drwxr-xr-x 4 ahmedhussien ahmedhussien 4096 Aug 20 22:50 Desktop
drwxr-xr-x 2 ahmedhussien ahmedhussien 4096 Aug  5 06:19 Documents
-rw-rw-r-- 1 ahmedhussien ahmedhussien    0 Aug 24 17:02 dog.jpg
drwxr-xr-x 3 ahmedhussien ahmedhussien 4096 Aug 13 19:09 Downloads
-rw-rw-r-- 1 ahmedhussien ahmedhussien   18 Aug 24 16:29 file1.txt
-rwxrwxr-x 1 ahmedhussien ahmedhussien  154 Aug 24 16:47 file_check.sh
-rw-rw-r-- 1 ahmedhussien ahmedhussien    0 Aug 24 17:02 image2.png
drwxr-xr-x 2 ahmedhussien ahmedhussien 4096 Aug  5 06:19 Music
drwxr-xr-x 3 ahmedhussien ahmedhussien 4096 Aug  8 09:36 Pictures
drwxr-xr-x 2 ahmedhussien ahmedhussien 4096 Aug  5 06:19 Public
-rwxrwxr-x 1 ahmedhussien ahmedhussien  110 Aug 24 17:23 rename_files.sh
-rw-rw-r-- 1 ahmedhussien ahmedhussien    0 Aug 24 17:02 session1.pdf
-rwxrwxr-x 1 ahmedhussien ahmedhussien   75 Aug 24 15:47 system_info.sh
drwxr-xr-x 2 ahmedhussien ahmedhussien 4096 Aug  5 06:19 Templates
-rw-rw-r-- 1 ahmedhussien ahmedhussien    0 Aug 24 17:02 text.txt
drwxr-xr-x 2 ahmedhussien ahmedhussien 4096 Aug  5 06:19 Videos
ahmedhussien@pop-os:~$ ls
cat.jpg  Documents  Downloads  file_check.sh  Music     Public           session1.pdf    Templates  Videos
Desktop  dog.jpg    file1.txt  image2.png     Pictures  rename_files.sh  system_info.sh  text.txt
ahmedhussien@pop-os:~$ nano rename_files.sh
ahmedhussien@pop-os:~$ cd Desktop
ahmedhussien@pop-os:~/Desktop$ touch lion.png tiger.png cat.jpg dog.jpg text.txt rename_files.sh session1.pdf
ahmedhussien@pop-os:~/Desktop$ cd ..
ahmedhussien@pop-os:~$ ./rename_files.sh png image
ahmedhussien@pop-os:~$ cd Desktop
ahmedhussien@pop-os:~/Desktop$ ls
cat.jpg  dog.jpg  hard2  lion.png  rename_files.sh  session1.pdf  task3  testfolder  text.txt  tiger.png
ahmedhussien@pop-os:~/Desktop$ pwd 
/home/ahmedhussien/Desktop
ahmedhussien@pop-os:~/Desktop$ touch rename_files.sh
ahmedhussien@pop-os:~/Desktop$ chmod a+x rename_files.sh
ahmedhussien@pop-os:~/Desktop$ ls -l
total 36
-rw-rw-r-- 1 ahmedhussien ahmedhussien     0 Aug 24 17:27 cat.jpg
-rw-rw-r-- 1 ahmedhussien ahmedhussien     0 Aug 24 17:27 dog.jpg
-rw-rw-r-- 1 ahmedhussien ahmedhussien    33 Aug  8 09:48 hard2
-rw-rw-r-- 1 ahmedhussien ahmedhussien     0 Aug 24 17:27 lion.png
-rwxrwxr-x 1 ahmedhussien ahmedhussien     0 Aug 24 17:30 rename_files.sh
-rw-rw-r-- 1 ahmedhussien ahmedhussien     0 Aug 24 17:27 session1.pdf
-rwxrwxrwx 1 ahmedhussien ahmedhussien 24890 Aug 20 22:50 task3
drwxrwx--x 2 ahmedhussien ahmedhussien  4096 Aug 15 08:36 testfolder
-rw-rw-r-- 1 ahmedhussien ahmedhussien     0 Aug 24 17:27 text.txt
-rw-rw-r-- 1 ahmedhussien ahmedhussien     0 Aug 24 17:27 tiger.png
ahmedhussien@pop-os:~/Desktop$ ./rename_files.sh png image
ahmedhussien@pop-os:~/Desktop$ ls -l
total 36
-rw-rw-r-- 1 ahmedhussien ahmedhussien     0 Aug 24 17:27 cat.jpg
-rw-rw-r-- 1 ahmedhussien ahmedhussien     0 Aug 24 17:27 dog.jpg
-rw-rw-r-- 1 ahmedhussien ahmedhussien    33 Aug  8 09:48 hard2
-rw-rw-r-- 1 ahmedhussien ahmedhussien     0 Aug 24 17:27 lion.png
-rwxrwxr-x 1 ahmedhussien ahmedhussien     0 Aug 24 17:30 rename_files.sh
-rw-rw-r-- 1 ahmedhussien ahmedhussien     0 Aug 24 17:27 session1.pdf
-rwxrwxrwx 1 ahmedhussien ahmedhussien 24890 Aug 20 22:50 task3
drwxrwx--x 2 ahmedhussien ahmedhussien  4096 Aug 15 08:36 testfolder
-rw-rw-r-- 1 ahmedhussien ahmedhussien     0 Aug 24 17:27 text.txt
-rw-rw-r-- 1 ahmedhussien ahmedhussien     0 Aug 24 17:27 tiger.png
ahmedhussien@pop-os:~/Desktop$ /home/ahmedhussien/Desktop/rename_files.sh png image
ahmedhussien@pop-os:~/Desktop$ ls -l
total 36
-rw-rw-r-- 1 ahmedhussien ahmedhussien     0 Aug 24 17:27 cat.jpg
-rw-rw-r-- 1 ahmedhussien ahmedhussien     0 Aug 24 17:27 dog.jpg
-rw-rw-r-- 1 ahmedhussien ahmedhussien    33 Aug  8 09:48 hard2
-rw-rw-r-- 1 ahmedhussien ahmedhussien     0 Aug 24 17:27 lion.png
-rwxrwxr-x 1 ahmedhussien ahmedhussien     0 Aug 24 17:30 rename_files.sh
-rw-rw-r-- 1 ahmedhussien ahmedhussien     0 Aug 24 17:27 session1.pdf
-rwxrwxrwx 1 ahmedhussien ahmedhussien 24890 Aug 20 22:50 task3
drwxrwx--x 2 ahmedhussien ahmedhussien  4096 Aug 15 08:36 testfolder
-rw-rw-r-- 1 ahmedhussien ahmedhussien     0 Aug 24 17:27 text.txt
-rw-rw-r-- 1 ahmedhussien ahmedhussien     0 Aug 24 17:27 tiger.png
ahmedhussien@pop-os:~/Desktop$ cd ~
ahmedhussien@pop-os:~$ ls -l
total 48
-rw-rw-r-- 1 ahmedhussien ahmedhussien    0 Aug 24 17:02 cat.jpg
drwxr-xr-x 4 ahmedhussien ahmedhussien 4096 Aug 24 17:27 Desktop
drwxr-xr-x 2 ahmedhussien ahmedhussien 4096 Aug  5 06:19 Documents
-rw-rw-r-- 1 ahmedhussien ahmedhussien    0 Aug 24 17:02 dog.jpg
drwxr-xr-x 3 ahmedhussien ahmedhussien 4096 Aug 13 19:09 Downloads
-rw-rw-r-- 1 ahmedhussien ahmedhussien   18 Aug 24 16:29 file1.txt
-rwxrwxr-x 1 ahmedhussien ahmedhussien  154 Aug 24 16:47 file_check.sh
-rw-rw-r-- 1 ahmedhussien ahmedhussien    0 Aug 24 17:02 image1.png
drwxr-xr-x 2 ahmedhussien ahmedhussien 4096 Aug  5 06:19 Music
drwxr-xr-x 3 ahmedhussien ahmedhussien 4096 Aug  8 09:36 Pictures
drwxr-xr-x 2 ahmedhussien ahmedhussien 4096 Aug  5 06:19 Public
-rwxrwxr-x 1 ahmedhussien ahmedhussien  110 Aug 24 17:23 rename_files.sh
-rw-rw-r-- 1 ahmedhussien ahmedhussien    0 Aug 24 17:02 session1.pdf
-rwxrwxr-x 1 ahmedhussien ahmedhussien   75 Aug 24 15:47 system_info.sh
drwxr-xr-x 2 ahmedhussien ahmedhussien 4096 Aug  5 06:19 Templates
-rw-rw-r-- 1 ahmedhussien ahmedhussien    0 Aug 24 17:02 text.txt
drwxr-xr-x 2 ahmedhussien ahmedhussien 4096 Aug  5 06:19 Videos
ahmedhussien@pop-os:~$ rm cat.jpg
dog.jpg
file1.txt
 image1.png
session1.pdf text.txt
dog.jpg: command not found
file1.txt: command not found
image1.png: command not found
session1.pdf: command not found
ahmedhussien@pop-os:~$ rm dog.jpg file1.txt image1.png session1.pdf text.txt
ahmedhussien@pop-os:~$ ls -l
total 44
drwxr-xr-x 4 ahmedhussien ahmedhussien 4096 Aug 24 17:27 Desktop
drwxr-xr-x 2 ahmedhussien ahmedhussien 4096 Aug  5 06:19 Documents
drwxr-xr-x 3 ahmedhussien ahmedhussien 4096 Aug 13 19:09 Downloads
-rwxrwxr-x 1 ahmedhussien ahmedhussien  154 Aug 24 16:47 file_check.sh
drwxr-xr-x 2 ahmedhussien ahmedhussien 4096 Aug  5 06:19 Music
drwxr-xr-x 3 ahmedhussien ahmedhussien 4096 Aug  8 09:36 Pictures
drwxr-xr-x 2 ahmedhussien ahmedhussien 4096 Aug  5 06:19 Public
-rwxrwxr-x 1 ahmedhussien ahmedhussien  110 Aug 24 17:23 rename_files.sh
-rwxrwxr-x 1 ahmedhussien ahmedhussien   75 Aug 24 15:47 system_info.sh
drwxr-xr-x 2 ahmedhussien ahmedhussien 4096 Aug  5 06:19 Templates
drwxr-xr-x 2 ahmedhussien ahmedhussien 4096 Aug  5 06:19 Videos
ahmedhussien@pop-os:~$ touch lion.png tiger.png cat.jpg dog.jpg text.txt rename_files.sh session1.pdf
ahmedhussien@pop-os:~$ ls -l
total 44
-rw-rw-r-- 1 ahmedhussien ahmedhussien    0 Aug 24 17:35 cat.jpg
drwxr-xr-x 4 ahmedhussien ahmedhussien 4096 Aug 24 17:27 Desktop
drwxr-xr-x 2 ahmedhussien ahmedhussien 4096 Aug  5 06:19 Documents
-rw-rw-r-- 1 ahmedhussien ahmedhussien    0 Aug 24 17:35 dog.jpg
drwxr-xr-x 3 ahmedhussien ahmedhussien 4096 Aug 13 19:09 Downloads
-rwxrwxr-x 1 ahmedhussien ahmedhussien  154 Aug 24 16:47 file_check.sh
-rw-rw-r-- 1 ahmedhussien ahmedhussien    0 Aug 24 17:35 lion.png
drwxr-xr-x 2 ahmedhussien ahmedhussien 4096 Aug  5 06:19 Music
drwxr-xr-x 3 ahmedhussien ahmedhussien 4096 Aug  8 09:36 Pictures
drwxr-xr-x 2 ahmedhussien ahmedhussien 4096 Aug  5 06:19 Public
-rwxrwxr-x 1 ahmedhussien ahmedhussien  110 Aug 24 17:35 rename_files.sh
-rw-rw-r-- 1 ahmedhussien ahmedhussien    0 Aug 24 17:35 session1.pdf
-rwxrwxr-x 1 ahmedhussien ahmedhussien   75 Aug 24 15:47 system_info.sh
drwxr-xr-x 2 ahmedhussien ahmedhussien 4096 Aug  5 06:19 Templates
-rw-rw-r-- 1 ahmedhussien ahmedhussien    0 Aug 24 17:35 text.txt
-rw-rw-r-- 1 ahmedhussien ahmedhussien    0 Aug 24 17:35 tiger.png
drwxr-xr-x 2 ahmedhussien ahmedhussien 4096 Aug  5 06:19 Videos
ahmedhussien@pop-os:~$ ./rename_files.sh png image
ahmedhussien@pop-os:~$ ls -l
total 44
-rw-rw-r-- 1 ahmedhussien ahmedhussien    0 Aug 24 17:35 cat.jpg
drwxr-xr-x 4 ahmedhussien ahmedhussien 4096 Aug 24 17:27 Desktop
drwxr-xr-x 2 ahmedhussien ahmedhussien 4096 Aug  5 06:19 Documents
-rw-rw-r-- 1 ahmedhussien ahmedhussien    0 Aug 24 17:35 dog.jpg
drwxr-xr-x 3 ahmedhussien ahmedhussien 4096 Aug 13 19:09 Downloads
-rwxrwxr-x 1 ahmedhussien ahmedhussien  154 Aug 24 16:47 file_check.sh
-rw-rw-r-- 1 ahmedhussien ahmedhussien    0 Aug 24 17:35 image1.png
-rw-rw-r-- 1 ahmedhussien ahmedhussien    0 Aug 24 17:35 image2.png
drwxr-xr-x 2 ahmedhussien ahmedhussien 4096 Aug  5 06:19 Music
drwxr-xr-x 3 ahmedhussien ahmedhussien 4096 Aug  8 09:36 Pictures
drwxr-xr-x 2 ahmedhussien ahmedhussien 4096 Aug  5 06:19 Public
-rwxrwxr-x 1 ahmedhussien ahmedhussien  110 Aug 24 17:35 rename_files.sh
-rw-rw-r-- 1 ahmedhussien ahmedhussien    0 Aug 24 17:35 session1.pdf
-rwxrwxr-x 1 ahmedhussien ahmedhussien   75 Aug 24 15:47 system_info.sh
drwxr-xr-x 2 ahmedhussien ahmedhussien 4096 Aug  5 06:19 Templates
-rw-rw-r-- 1 ahmedhussien ahmedhussien    0 Aug 24 17:35 text.txt
drwxr-xr-x 2 ahmedhussien ahmedhussien 4096 Aug  5 06:19 Videos
ahmedhussien@pop-os:~$ touch calculator.sh
ahmedhussien@pop-os:~$ chmod a+x calculator.sh
ahmedhussien@pop-os:~$ ls -l
total 44
-rwxrwxr-x 1 ahmedhussien ahmedhussien    0 Aug 24 17:37 calculator.sh
-rw-rw-r-- 1 ahmedhussien ahmedhussien    0 Aug 24 17:35 cat.jpg
drwxr-xr-x 4 ahmedhussien ahmedhussien 4096 Aug 24 17:27 Desktop
drwxr-xr-x 2 ahmedhussien ahmedhussien 4096 Aug  5 06:19 Documents
-rw-rw-r-- 1 ahmedhussien ahmedhussien    0 Aug 24 17:35 dog.jpg
drwxr-xr-x 3 ahmedhussien ahmedhussien 4096 Aug 13 19:09 Downloads
-rwxrwxr-x 1 ahmedhussien ahmedhussien  154 Aug 24 16:47 file_check.sh
-rw-rw-r-- 1 ahmedhussien ahmedhussien    0 Aug 24 17:35 image1.png
-rw-rw-r-- 1 ahmedhussien ahmedhussien    0 Aug 24 17:35 image2.png
drwxr-xr-x 2 ahmedhussien ahmedhussien 4096 Aug  5 06:19 Music
drwxr-xr-x 3 ahmedhussien ahmedhussien 4096 Aug  8 09:36 Pictures
drwxr-xr-x 2 ahmedhussien ahmedhussien 4096 Aug  5 06:19 Public
-rwxrwxr-x 1 ahmedhussien ahmedhussien  110 Aug 24 17:35 rename_files.sh
-rw-rw-r-- 1 ahmedhussien ahmedhussien    0 Aug 24 17:35 session1.pdf
-rwxrwxr-x 1 ahmedhussien ahmedhussien   75 Aug 24 15:47 system_info.sh
drwxr-xr-x 2 ahmedhussien ahmedhussien 4096 Aug  5 06:19 Templates
-rw-rw-r-- 1 ahmedhussien ahmedhussien    0 Aug 24 17:35 text.txt
drwxr-xr-x 2 ahmedhussien ahmedhussien 4096 Aug  5 06:19 Videos
ahmedhussien@pop-os:~$ nano calculator.sh
ahmedhussien@pop-os:~$ ./calculator.sh
1. Addition
2. Subtraction
3. Multiplication
5. Exit
./calculator.sh: line 15: syntax error near unexpected token `elif'
./calculator.sh: line 15: `elif [[ $choice -eq 2 ]]'
ahmedhussien@pop-os:~$ nano calculator.sh
ahmedhussien@pop-os:~$ ./calculator.sh
1. Addition
2. Subtraction
3. Multiplication
5. Exit
Enter your choice: 1
Enter the first number: 10
Enter the second number: 20
10 + 20 = 30
Enter your choice: 2
Enter the first number: 50
Enter the second number: 30
50 - 30 = 20 ]]
Enter your choice: 3
Enter the first number: 50
Enter the second number: 50
Enter your choice: 5
Enter the first number: 5
Enter the second number: ^C
ahmedhussien@pop-os:~$ nano calculator.sh
ahmedhussien@pop-os:~$ ./calculator.sh
1. Addition
2. Subtraction
3. Multiplication
5. Exit
Enter your choice: 1
Enter the first number: ^C
ahmedhussien@pop-os:~$ nano calculator.sh
ahmedhussien@pop-os:~$ ./calculator.sh
1. Addition
2. Subtraction
3. Multiplication
5. Exit
Enter your choice: 1
Enter the first number: 25
Enter the second number: 30
25 + 30 = 55
Enter your choice: 2
Enter the first number: 60
Enter the second number: 40
60 - 40 = 20
Enter your choice: 3
Enter the first number: 50
Enter the second number: 40
50 * 40 = 2000
Enter your choice: 5
Enter the first number: ^C
ahmedhussien@pop-os:~$ nano calculator.sh
ahmedhussien@pop-os:~$ ./calculator.sh
1. Addition
2. Subtraction
3. Multiplication
5. Exit
Enter your choice: 5
Enter the first number: ^Cahmedhussien@pop-os:~$ nano calculator.sh
ahmedhussien@pop-os:~$ ./calculator.sh
1. Addition
2. Subtraction
3. Multiplication
5. Exit
Enter your choice: 5
Enter the first number: 10
Enter the second number: 20
Exiting....
ahmedhussien@pop-os:~$ nano calculator.sh
ahmedhussien@pop-os:~$ ./calculator.sh
1. Addition
2. Subtraction
3. Multiplication
5. Exit
Enter your choice: 5
Exiting....
ahmedhussien@pop-os:~$ ./calculator.sh
1. Addition
2. Subtraction
3. Multiplication
5. Exit
Enter your choice: 1
Enter the first number: 20
Enter the second number: 30
20 + 30 = 50
Enter your choice: 2
Enter the first number: 200 
Enter the second number: 500
200 - 500 = -300
Enter your choice: 3
Enter the first number: 25
Enter the second number: 25
25 * 25 = 625
Enter your choice: 1
Enter the first number: 85
Enter the second number: 20
85 + 20 = 105
Enter your choice: 3
Enter the first number: 40
Enter the second number: 33
40 * 33 = 1320
Enter your choice: 5
Exiting....
ahmedhussien@pop-os:~$ 

